------------------------------------------------------------
Timing Analyzer Summary
------------------------------------------------------------

Type  : Slow 1200mV 85C Model Setup 'MAX10_CLK1_50'
Slack : -6.140
TNS   : -574.542

Type  : Slow 1200mV 85C Model Setup 'FinalProject:comb_3|p2_score[0]'
Slack : -5.036
TNS   : -27.832

Type  : Slow 1200mV 85C Model Setup 'FinalProject:comb_3|p1_score[0]'
Slack : -4.462
TNS   : -25.521

Type  : Slow 1200mV 85C Model Setup 'FinalProject:comb_3|ClockDivider:comb_3|cout'
Slack : -3.249
TNS   : -86.758

Type  : Slow 1200mV 85C Model Hold 'MAX10_CLK1_50'
Slack : -1.638
TNS   : -41.518

Type  : Slow 1200mV 85C Model Hold 'FinalProject:comb_3|ClockDivider:comb_3|cout'
Slack : 0.805
TNS   : 0.000

Type  : Slow 1200mV 85C Model Hold 'FinalProject:comb_3|p2_score[0]'
Slack : 1.283
TNS   : 0.000

Type  : Slow 1200mV 85C Model Hold 'FinalProject:comb_3|p1_score[0]'
Slack : 1.339
TNS   : 0.000

Type  : Slow 1200mV 85C Model Recovery 'FinalProject:comb_3|p2_score[0]'
Slack : -4.954
TNS   : -27.257

Type  : Slow 1200mV 85C Model Recovery 'FinalProject:comb_3|p1_score[0]'
Slack : -4.417
TNS   : -25.737

Type  : Slow 1200mV 85C Model Removal 'FinalProject:comb_3|p1_score[0]'
Slack : 1.318
TNS   : 0.000

Type  : Slow 1200mV 85C Model Removal 'FinalProject:comb_3|p2_score[0]'
Slack : 1.514
TNS   : 0.000

Type  : Slow 1200mV 85C Model Minimum Pulse Width 'MAX10_CLK1_50'
Slack : -3.000
TNS   : -166.748

Type  : Slow 1200mV 85C Model Minimum Pulse Width 'FinalProject:comb_3|ClockDivider:comb_3|cout'
Slack : -1.222
TNS   : -41.548

Type  : Slow 1200mV 85C Model Minimum Pulse Width 'FinalProject:comb_3|p1_score[0]'
Slack : 0.419
TNS   : 0.000

Type  : Slow 1200mV 85C Model Minimum Pulse Width 'FinalProject:comb_3|p2_score[0]'
Slack : 0.424
TNS   : 0.000

Type  : Slow 1200mV 0C Model Setup 'MAX10_CLK1_50'
Slack : -5.473
TNS   : -513.657

Type  : Slow 1200mV 0C Model Setup 'FinalProject:comb_3|p2_score[0]'
Slack : -4.481
TNS   : -24.783

Type  : Slow 1200mV 0C Model Setup 'FinalProject:comb_3|p1_score[0]'
Slack : -3.990
TNS   : -22.859

Type  : Slow 1200mV 0C Model Setup 'FinalProject:comb_3|ClockDivider:comb_3|cout'
Slack : -2.870
TNS   : -76.472

Type  : Slow 1200mV 0C Model Hold 'MAX10_CLK1_50'
Slack : -1.507
TNS   : -36.600

Type  : Slow 1200mV 0C Model Hold 'FinalProject:comb_3|ClockDivider:comb_3|cout'
Slack : 0.736
TNS   : 0.000

Type  : Slow 1200mV 0C Model Hold 'FinalProject:comb_3|p2_score[0]'
Slack : 1.169
TNS   : 0.000

Type  : Slow 1200mV 0C Model Hold 'FinalProject:comb_3|p1_score[0]'
Slack : 1.280
TNS   : 0.000

Type  : Slow 1200mV 0C Model Recovery 'FinalProject:comb_3|p2_score[0]'
Slack : -4.461
TNS   : -24.589

Type  : Slow 1200mV 0C Model Recovery 'FinalProject:comb_3|p1_score[0]'
Slack : -3.971
TNS   : -23.103

Type  : Slow 1200mV 0C Model Removal 'FinalProject:comb_3|p1_score[0]'
Slack : 1.193
TNS   : 0.000

Type  : Slow 1200mV 0C Model Removal 'FinalProject:comb_3|p2_score[0]'
Slack : 1.376
TNS   : 0.000

Type  : Slow 1200mV 0C Model Minimum Pulse Width 'MAX10_CLK1_50'
Slack : -3.000
TNS   : -166.748

Type  : Slow 1200mV 0C Model Minimum Pulse Width 'FinalProject:comb_3|ClockDivider:comb_3|cout'
Slack : -1.222
TNS   : -41.548

Type  : Slow 1200mV 0C Model Minimum Pulse Width 'FinalProject:comb_3|p2_score[0]'
Slack : 0.446
TNS   : 0.000

Type  : Slow 1200mV 0C Model Minimum Pulse Width 'FinalProject:comb_3|p1_score[0]'
Slack : 0.454
TNS   : 0.000

Type  : Fast 1200mV 0C Model Setup 'MAX10_CLK1_50'
Slack : -2.421
TNS   : -204.786

Type  : Fast 1200mV 0C Model Setup 'FinalProject:comb_3|p2_score[0]'
Slack : -1.862
TNS   : -9.952

Type  : Fast 1200mV 0C Model Setup 'FinalProject:comb_3|p1_score[0]'
Slack : -1.517
TNS   : -8.372

Type  : Fast 1200mV 0C Model Setup 'FinalProject:comb_3|ClockDivider:comb_3|cout'
Slack : -1.034
TNS   : -24.293

Type  : Fast 1200mV 0C Model Hold 'MAX10_CLK1_50'
Slack : -0.908
TNS   : -27.083

Type  : Fast 1200mV 0C Model Hold 'FinalProject:comb_3|ClockDivider:comb_3|cout'
Slack : 0.286
TNS   : 0.000

Type  : Fast 1200mV 0C Model Hold 'FinalProject:comb_3|p2_score[0]'
Slack : 0.499
TNS   : 0.000

Type  : Fast 1200mV 0C Model Hold 'FinalProject:comb_3|p1_score[0]'
Slack : 0.535
TNS   : 0.000

Type  : Fast 1200mV 0C Model Recovery 'FinalProject:comb_3|p2_score[0]'
Slack : -1.885
TNS   : -9.921

Type  : Fast 1200mV 0C Model Recovery 'FinalProject:comb_3|p1_score[0]'
Slack : -1.583
TNS   : -9.069

Type  : Fast 1200mV 0C Model Removal 'FinalProject:comb_3|p1_score[0]'
Slack : 0.531
TNS   : 0.000

Type  : Fast 1200mV 0C Model Removal 'FinalProject:comb_3|p2_score[0]'
Slack : 0.646
TNS   : 0.000

Type  : Fast 1200mV 0C Model Minimum Pulse Width 'MAX10_CLK1_50'
Slack : -3.000
TNS   : -151.820

Type  : Fast 1200mV 0C Model Minimum Pulse Width 'FinalProject:comb_3|ClockDivider:comb_3|cout'
Slack : -1.000
TNS   : -34.000

Type  : Fast 1200mV 0C Model Minimum Pulse Width 'FinalProject:comb_3|p1_score[0]'
Slack : 0.431
TNS   : 0.000

Type  : Fast 1200mV 0C Model Minimum Pulse Width 'FinalProject:comb_3|p2_score[0]'
Slack : 0.434
TNS   : 0.000

------------------------------------------------------------
